{
  "name": "catalog",
  "provisioningItems": [
    {
      "name": "test-page",
      "itemType": "catalog",
      "location": "test-page-page.0.zip"
    }
  ]
}
